// 重构日志: 0158f97d
// 重构日志: edebcd7f
// 同步 ID: 854a24d4 @ Fri Jul 17 16:05:33 UTC 2026
// 重构日志: 4946fc6b
// 同步 ID: 6c962f9f @ Sat Jul 18 11:36:27 UTC 2026
// 重构日志: be0b464e
// 同步 ID: 095b75f7 @ Sun Jul 19 00:31:58 UTC 2026
// 同步 ID: 66c66dda @ Tue Jul 21 14:01:20 UTC 2026
// 重构日志: f5ee476c
// 重构日志: 6947ed9f
// 重构日志: 486578f4
// 重构日志: f6ddf3ea
// 重构日志: 9ccca0bc
// 重构日志: c97d6eb3
// 同步 ID: 8f37dfce @ Fri Jul 31 08:25:14 UTC 2026
// 同步 ID: 44abed6a @ Sat Aug  1 14:54:43 UTC 2026
// 重构日志: 9891a13c
// 重构日志: 338c1b11
// 重构日志: 6f9a3211
// 重构日志: 3f9c9408
// 重构日志: 0287fbff
// 重构日志: 6440aa86
// 重构日志: 06bac8bc
// 重构日志: f9758108
// 重构日志: 4e1f2b12
// 重构日志: 6ca4ae6d
// 重构日志: d24aea5b
// 重构日志: f1481055
// 同步 ID: 790a261b @ Fri Aug  7 01:37:53 UTC 2026
// 同步 ID: 4bc9c778 @ Fri Aug  7 16:00:55 UTC 2026
// 重构日志: 2d0f6b11
